// Jest Snapshot v1, https://goo.gl/fbAQLP

exports[`<DriverInfo/> renders without error 1`] = `
<div>
  Fetching
</div>
`;
